****************************************************************************************************
***********************S#&&&@@@@@@@@@@@@@&&&&&&&#####&&&#######SSS**********************************
********************S@*:..........:!!*****!!!:!!!!!!!!**********%%%%%$@###SSSS**********************
******************S%:.........!*%%%*!!!!!!!**********!!!!:::::::::::::::!!!!**%%$&S*****************
*****************$:.......:!*%%*!!*******!!!!!!!!:::::!!!**************!!!!!!!!%!.:!$&**************
***************S*......:!**!!!*%%%*%%%******!****$*.............::!!!!******!:........:%#***********
**************#!.....:*%!::*%**%%%*!:............!@*...........:***!!:::::::!%$%:........***********
*************#:......::.:%$!*%%!..................:$.............%*...........:!@*........@*********
************#:..........!!.*%:..:!*%$$@@@@@@$%!:...:............:$..............:*........**********
***********&:................:%&S*********#&#S*S&%:.............:!..:!!**%%%%*!............@********
**********&*!!!:......:!!!.:$S*#&*********%:..!%&**&*............:%&S**********S$:::::::::..%S******
******S#&@$%%**!:.....*@%!:!S**SSSS#####SS**S&$!:!S**!......!%$$&S***********SS#@:!%%******%*:%#****
*****@@%:..:%@&#####&$*:.!:..!!!:...!@#%::!*$&S****#$:......!@S****#@$%**!!!:::..........:**%$%!%***
***#*@*..:@**#@$%*%$&S**S&$*!:::!*$#*S@:.......!%$*:...........%**!...............!%$$$$%**%@*!$*$**
**&:!$..!#*#!....%&!..!*$&#SSSSSSSS&%:.........................!***.......:$$*!!$#*S&@&&S*S*:@..$%**
*S:.**.:#*@.....****&*:....:::::::.............................:&**$!.....:$S*****&::!...:*!.$!.%$**
*#..*%.!**:.!*$&**S&S**#@*!..........::::::!@:%&SS#@:............*@S*#$!.....:!!!:..@*%.....!@!.@$**
**!.!$.:S*%:&##S**&..:*@#**S&$*!:...*%%%****!%*S%*!!:::::..........:S***#*:........:S*S%...*$!:%@#**
**&::@:.%**!....%**@:....:%&****S#@%*:.......%*S*.%*SSSS#$........:@**#S&$%%%*:...:@****!.:!*%%%#***
***#:!$*:*&!....:S**S@*:....#*@*$&#S**S#&$*!::$##::%!:::::..:$%!*@**@!......:!!.!%#**#S*$.**!::&****
****S$!*%%!:.....:@*****S@%!&*S*...::*%@&S***S#&@%*::.......:@SSSS$:.......:!*@#***&****#.....&*****
*******&%!::.......*S*#$@#******&*:.......:S*S&##SS*SSS#&@@$$%%%%***%%$$@&#S**S@@**:$***S:...*******
********S%..........:&*#*.:%S******S&@%!:.***!...::!*%$#**S&###S****SS#&&@#**%..:***:S**S:...$******
**********@:..........%S*@:.%**%$#S*****S#S*S!:........!**!.....:S*@.......#*@..%**##***S:...$******
***********&:..........:@*S$&*&...:!%@#S*******S#&@$$%%@**&%%%%%%S*#$$$$$@&S**#S********S:...$******
************#:...........*&***!........:!S*S&#******************************************#....$******
*************#!............!@S*#%:......!**%..:!*$@#S********************************S**$....$******
***************@:............:%#**&%:..:#*&:........:%**$$@@&&##***********SSS**S@**#&*S!....$******
****************S@!...:....::...!$#**#@#*#:..........!**:......:S*&!:::$**%::#*#:%**@*S*.....$******
*******************@*:!**!::!**!:..:%&S***&$%!::.....**S:......***!...!S*$..@*S!!$#**&!......$******
*********************#$*!*%%*!!*%%*!:..:*$&#SSSS##&@@S**$******#*S***$***@@#***S*S&$!........%******
************************#@*!!*%%*!!**%%*!:...:!*%%$@&&&&#######S#######&&&@@$%*!:...:........%******
****************************#$*!!*****!**%%**!:............::::::::::............:*$*....:...*******
*******************************S#@%!!!!******%%%%*!!!::::::::::::::::.......::!*%$%:....*%...:******
************************************S&$!:::!!**%%%%%%%%************************!:...:!%$%:...:S*****
****************************************S#$*:....:::!!*********!!!!!!!!!!!::::::!!*%$%!:.....:S*****
*********************************************#@%!:.........::::::::!!!!!!!!!!!!!!!!:........!#******
*************************************************S&@%**!:.................................:$********
********************************************************SS#&$%*!::.....................:*@S*********
*****************************************************************S#&@$$%%**********%$&#*************
****************************************************************************************************